





Welcome to Adventure!

ADVENTURE
The Interactive Original
By Will Crowther (1973) and Don Woods (1977)
Reconstructed in three steps by:
Donald Ekman, David M. Baggett (1993) and Graham Nelson (1994)
[In memoriam Stephen Bishop (1820?-1857): GN]
Release 5 / Serial number 961209 / Inform v6.21(G0.33) Library 6/10 

At End Of Road
You are standing at the end of a road before a small brick building. Around you is a forest. A small stream flows out of the building and down a gully.

>e

Inside Building
You are inside a building, a well house for a large spring.

There are some keys on the ground here.

There is tasty food here.

There is a shiny brass lamp nearby.

There is an empty bottle here.

>get lamp
Taken.

>get keys
Taken.

>w

At End Of Road

>s

In A Valley
You are in a valley in the forest beside a stream tumbling along a rocky bed.

>s

At Slit In Streambed
At your feet all the water of the stream splashes into a 2-inch slit in the rock. Downstream the streambed is bare rock.

>s

Outside Grate
You are in a 20-foot depression floored with bare dirt. Set into the dirt is a strong steel grate mounted in concrete. A dry streambed leads into the depression.

>unlock grate with keys
You unlock the steel grate.

>open grate
You open the steel grate.

>d

Below the Grate
You are in a small chamber beneath a 3x3 steel grate to the surface. A low crawl over cobbles leads inward to the west.

The grate stands open.

>w

In Cobble Crawl
You are crawling over cobbles in a low passage. There is a dim light at the east end of the passage.

There is a small wicker cage discarded nearby.

>get cage
Taken.

>turn on lamp
You switch the brass lantern on.

>w

In Debris Room
You are in a debris room filled with stuff washed in from the surface. A low wide passage with cobbles becomes plugged with mud and debris here, but an awkward canyon leads upward and west.

A note on the wall says, "Magic word XYZZY."

A three foot black rod with a rusty star on one end lies nearby.

>get rod
Taken.

>w

Sloping E/W Canyon
You are in an awkward sloping east/west canyon.

>w

Orange River Chamber
You are in a splendid chamber thirty feet high. The walls are frozen rivers of orange stone. An awkward canyon and a good passage exit from east and west sides of the chamber.

A cheerful little bird is sitting here singing.

>drop rod
Dropped.

>get bird
You catch the bird in the wicker cage.

>get rod
Taken.

>w

At Top of Small Pit
At your feet is a small pit breathing traces of white mist. A west passage ends here except for a small crack leading on.

Rough stone steps lead down the pit.

>d

In Hall of Mists
You are at one end of a vast hall stretching forward out of sight to the west. There are openings to either side. Nearby, a wide stone staircase leads downward. The hall is filled with wisps of white mist swaying to and fro almost as if alive. A cold wind blows up the staircase. There is a passage at the top of a dome behind you.

Rough stone steps lead up the dome.

[Your score has just gone up by twenty-five points.]

>w

On East Bank of Fissure
You are on the east bank of a fissure slicing clear across the hall. The mist is quite thick here, and the fissure is too wide to jump.

>wave rod
A crystal bridge now spans the fissure.

>w

West Side of Fissure
You are on the west side of the fissure in the hall of mists.

A crystal bridge now spans the fissure.

There are diamonds here!

>get diamonds
Taken!

[Your score has just gone up by seven points.]

>e

On East Bank of Fissure

A crystal bridge now spans the fissure.

>e

In Hall of Mists

A threatening little dwarf comes out of the shadows!

>n

Hall of the Mountain King
You are in the hall of the mountain king, with passages off in all directions.

A huge green fierce snake bars the way!

The dwarf stalks after you...

Tiring of this, the dwarf slips away.

>drop bird
(The bird is released from the cage.)

The little bird attacks the green snake, and in an astounding flurry drives the snake away.

>drop cage
Dropped.

>drop rod
Dropped.

>e

In Hall of Mists

>s

Low Room
This is a low room with a crude note on the wall:

"You won't get it up the steps".

There is a large sparkling nugget of gold here!

>get gold
Taken!

[Your score has just gone up by seven points.]

>n

In Hall of Mists

>n

Hall of the Mountain King

A cheerful little bird is sitting here singing.

You can also see a black rod with a rusty star on the end and a wicker cage (which is empty) here.

>s

In South Side Chamber
You are in the south side chamber.

There is precious jewelry here!

>get jewelry
Taken!

[Your score has just gone up by seven points.]

>n

Hall of the Mountain King

A cheerful little bird is sitting here singing.

You can also see a black rod with a rusty star on the end and a wicker cage (which is empty) here.

>w

In West Side Chamber
You are in the west side chamber of the hall of the mountain king. A passage continues west and up here.

There are many coins here!

>get coins
Taken!

[Your score has just gone up by seven points.]

>e

Hall of the Mountain King

A cheerful little bird is sitting here singing.

You can also see a black rod with a rusty star on the end and a wicker cage (which is empty) here.

>n

Low N/S Passage
You are in a low N/S passage at a hole in the floor. The hole goes down to an E/W passage.

There are bars of silver here!

>get silver
Taken!

[Your score has just gone up by seven points.]

>n

At "Y2"
You are in a large room, with a passage to the south, a passage to the west, and a wall of broken rock to the east. There is a large "Y2" on a rock in the room's center.

>plugh

Inside Building
You are inside a building, a well house for a large spring.

There is tasty food here.

There is an empty bottle here.

>turn off lamp
You switch the brass lantern off.

>drop diamonds
Safely deposited.

[Your score has just gone up by five points.]

>drop gold
Safely deposited.

[Your score has just gone up by five points.]

>drop jewelry
Safely deposited.

[Your score has just gone up by five points.]

>drop coins
Safely deposited.

[Your score has just gone up by five points.]

>drop silver
Safely deposited.

[Your score has just gone up by five points.]

>drop keys
Dropped.

>turn on lamp
You switch the brass lantern on.

>plugh

At "Y2"
You are in a large room, with a passage to the south, a passage to the west, and a wall of broken rock to the east. There is a large "Y2" on a rock in the room's center.

>s

Low N/S Passage

>s

Hall of the Mountain King

A cheerful little bird is sitting here singing.

You can also see a black rod with a rusty star on the end and a wicker cage (which is empty) here.

>sw

Secret E/W Canyon Above Tight Canyon
You are in a secret canyon which here runs E/W. It crosses over a very tight canyon 15 feet below. If you go down you may not be able to get back up.

>w

Secret Canyon
You are in a secret canyon which exits to the north and east.

A huge green fierce dragon bars the way!
The dragon is sprawled out on the Persian rug!

>kill dragon
With what? Your bare hands?

>yes
Congratulations! You have just vanquished a dragon with your bare hands! (Unbelievable, isn't it?)

>get rug
Taken!

[Your score has just gone up by seven points.]

>e

Secret E/W Canyon Above Tight Canyon

>e

Hall of the Mountain King

A cheerful little bird is sitting here singing.

You can also see a black rod with a rusty star on the end and a wicker cage (which is empty) here.

>n

Low N/S Passage

>n

At "Y2"

A hollow voice says, "Plugh."

>plugh

Inside Building
You are inside a building, a well house for a large spring.

There is tasty food here.

There is an empty bottle here.

You can also see a set of keys, some bars of silver, many rare coins, some precious jewelry, a large gold nugget and some diamonds here.

>turn off lamp
You switch the brass lantern off.

>drop rug
Safely deposited.

[Your score has just gone up by nine points.]

>get bottle
Taken.

>fill bottle
The bottle is now full of water.

>turn on lamp
You switch the brass lantern on.

>plugh

At "Y2"
You are in a large room, with a passage to the south, a passage to the west, and a wall of broken rock to the east. There is a large "Y2" on a rock in the room's center.

>s

Low N/S Passage

>d

Dirty Passage
You are in a dirty broken passage. To the east is a crawl. To the west is a large passage. Above you is a hole to another passage.

>w

In Dusty Rock Room
You are in a large room full of dusty rocks. There is a big hole in the floor. There are cracks everywhere, and a passage leading east.

>d

At Complex Junction
You are at a complex junction. A low hands and knees passage from the north joins a higher crawl from the east to make a walking passage going west. There is also a large room above. The air is damp here.

>w

Bedquilt
You are in bedquilt, a long east/west passage with holes everywhere. To explore at random select north, south, up, or down.

>w

In Swiss Cheese Room
You are in a room whose walls resemble swiss cheese. Obvious passages go west, east, ne, and nw. Part of the room is occupied by a large bedrock block.

>w

At East End of Twopit Room
You are at the east end of the twopit room. The floor here is littered with thin rock slabs, which make it easy to descend the pits. There is a path here bypassing the pits to connect passages from east and west. There are holes all over, but the only big one is on the wall directly over the west pit where you can't get to it.

There are faint rustling noises from the darkness behind you. As you turn toward them, you spot a bearded pirate. He is carrying a large chest.

"Shiver me timbers!" he cries, "I've been spotted! I'd best hie meself off to the maze to hide me chest!"

With that, he vanishes into the gloom.

>w

At West End of Twopit Room
You are at the west end of the twopit room. There is a large hole in the wall above the pit at this end of the room.

>d

In West Pit
You are at the bottom of the western pit in the twopit room. There is a large hole in the wall about 25 feet above you.
There is a tiny little plant in the pit, murmuring "Water, water, ..."

>water plant
The plant spurts into furious growth for a few seconds.

There is a 12-foot-tall beanstalk stretching up out of the pit, bellowing "Water!! Water!!"

>u

At West End of Twopit Room
The top of a 12-foot-tall beanstalk is poking out of the west pit.

>e

At East End of Twopit Room
The top of a 12-foot-tall beanstalk is poking out of the west pit.

>e

In Swiss Cheese Room

>ne

Bedquilt

>e

At Complex Junction

>u

In Dusty Rock Room

>e

Dirty Passage

>e

Brink of Pit
You are on the brink of a small clean climbable pit. A crawl leads west.

>d

In Pit
You are in the bottom of a small pit with a little stream, which enters and exits through tiny slits.

>fill bottle
The bottle is now full of water.

>u

Brink of Pit

>w

Dirty Passage

>w

In Dusty Rock Room

>d

At Complex Junction

>w

Bedquilt

>w

In Swiss Cheese Room

>w

At East End of Twopit Room
The top of a 12-foot-tall beanstalk is poking out of the west pit.

>w

At West End of Twopit Room
The top of a 12-foot-tall beanstalk is poking out of the west pit.

>d

In West Pit
There is a 12-foot-tall beanstalk stretching up out of the pit, bellowing "Water!! Water!!"

>water plant
The plant grows explosively, almost filling the bottom of the pit.

There is a gigantic beanstalk stretching all the way up to the hole.

>u

At West End of Twopit Room
There is a huge beanstalk growing out of the west pit up to the hole.

>e

At East End of Twopit Room
There is a huge beanstalk growing out of the west pit up to the hole.

>d

In East Pit
You are at the bottom of the eastern pit in the twopit room. There is a small pool of oil in one corner of the pit.

>fill bottle
The bottle is now full of oil.

>u

At East End of Twopit Room
There is a huge beanstalk growing out of the west pit up to the hole.

>w

At West End of Twopit Room
There is a huge beanstalk growing out of the west pit up to the hole.

>d

In West Pit
There is a gigantic beanstalk stretching all the way up to the hole.

>climb plant
You clamber up the plant and scurry through the hole at the top.

In Narrow Corridor
You are in a long, narrow corridor stretching out of sight to the west. At the eastern end is a hole through which you can see a profusion of leaves.

>w

Giant Room
You are in the giant room. The ceiling here is too high up for your lamp to show it. Cavernous passages lead east, north, and south. On the west wall is scrawled the inscription, "Fee fie foe foo" [sic].

There is a large nest here, full of golden eggs!

>get eggs
Taken!

[Your score has just gone up by seven points.]

>n

Immense N/S Passage
You are at one end of an immense north/south passage.

The way north is barred by a massive, rusty, iron door.

>oil door
The oil has freed up the hinges so that the door will now move, although it requires some effort.

A threatening little dwarf comes out of the shadows!

>drop bottle
Dropped.

The dwarf throws a nasty little axe at you, misses, curses, and runs away.

>n
(first wrenching the door open)

In Cavern With Waterfall
You are in a magnificent cavern with a rushing stream, which cascades over a sparkling waterfall into a roaring whirlpool which disappears through a hole in the floor. Passages exit to the south and west.

There is a jewel-encrusted trident here!

>get trident
Taken!

[Your score has just gone up by seven points.]

>s

Immense N/S Passage

There is a little axe here.

The way north leads through a massive, rusty, iron door.

You can also see a small bottle (which is empty) here.

>s

Giant Room

>s

In Narrow Corridor

>d

In West Pit
There is a gigantic beanstalk stretching all the way up to the hole.

>u

At West End of Twopit Room
There is a huge beanstalk growing out of the west pit up to the hole.

>e

At East End of Twopit Room
There is a huge beanstalk growing out of the west pit up to the hole.

>e

In Swiss Cheese Room

>e

In Soft Room
You are in the soft room. The walls are covered with heavy curtains, the floor with a thick pile carpet. Moss covers the ceiling.

A small velvet pillow lies on the floor.

>get pillow
Taken.

>w

In Swiss Cheese Room

>nw

Oriental Room
This is the oriental room. Ancient oriental cave drawings cover the walls. A gently sloping passage leads upward to the north, another passage leads se, and a hands and knees crawl leads west.

You can see a ming vase here.

>n

Misty Cavern
You are following a wide path around the outer edge of a large cavern. Far below, through a heavy white mist, strange splashing noises can be heard. The mist rises up through a fissure in the ceiling. The path exits to the south and west.

>w

Alcove
You are in an alcove. A small northwest path seems to widen after a short distance. An extremely tight tunnel leads east. It looks like a very tight squeeze. An eerie light can be seen at the other end.

>drop all
velvet pillow: Dropped.
jeweled trident: Dropped.
nest of golden eggs: Dropped.
brass lantern: Dropped.

[Your score has just gone down by ten points.]

>e

Plover Room
You're in a small chamber lit by an eerie green light. An extremely narrow tunnel exits to the west. A dark corridor leads northeast.

There is an emerald here the size of a plover's egg!

>get emerald
Taken!

[Your score has just gone up by seven points.]

>w

Alcove

Your lamp is here, gleaming brightly.

You can also see a nest of golden eggs, a jeweled trident and a velvet pillow here.

>get all
brass lantern: Taken.
nest of golden eggs: Taken!
jeweled trident: Taken!
velvet pillow: Taken.

A threatening little dwarf comes out of the shadows!

[Your score has just gone up by ten points.]

>nw

Misty Cavern

The dwarf stalks after you...

>s

Oriental Room

You can see a ming vase here.

The dwarf stalks after you...

The dwarf throws a nasty little knife at you, but misses!

>get vase
Taken!

The dwarf throws a nasty little knife at you, but misses!

[Your score has just gone up by seven points.]

>se

In Swiss Cheese Room

The dwarf stalks after you...

Tiring of this, the dwarf slips away.

>ne

Bedquilt

>e

At Complex Junction

>n

Shell Room
You're in a large room carved out of sedimentary rock. The floor and walls are littered with bits of shells imbedded in the stone. A shallow passage proceeds downward, and a somewhat steeper one leads up. A low hands and knees passage enters from the south.
There is an enormous clam here with its shell tightly closed.

>unlock clam with trident
A glistening pearl falls out of the clam and rolls away. Goodness, this must really be an oyster. (I never was very good at identifying bivalves.)  Whatever it is, it has now snapped shut again.

>d

Ragged Corridor
You are in a long sloping corridor with ragged sharp walls.

>d

Cul-de-Sac
You are in a cul-de-sac about eight feet across.

Off to one side lies a glistening pearl!

>get pearl
Taken!

[Your score has just gone up by seven points.]

>u

Ragged Corridor

>u

Shell Room
There is an enormous oyster here with its shell tightly closed.

>s

At Complex Junction

>u

In Dusty Rock Room

>e

Dirty Passage

>u

Low N/S Passage

>n

At "Y2"

>plugh

Inside Building
You are inside a building, a well house for a large spring.
The Persian rug is spread out on the floor here.

There is tasty food here.

You can also see a set of keys, some bars of silver, many rare coins, some precious jewelry, a large gold nugget and some diamonds here.

>turn off lamp
You switch the brass lantern off.

>drop pillow
Dropped.

>drop vase
(coming to rest, delicately, on the velvet pillow)
Safely deposited.

[Your score has just gone up by nine points.]

>drop trident
Safely deposited.

[Your score has just gone up by nine points.]

>drop emerald
Safely deposited.

[Your score has just gone up by nine points.]

>drop pearl
Safely deposited.

[Your score has just gone up by nine points.]

>turn on lamp
You switch the brass lantern on.

>plugh

At "Y2"
You are in a large room, with a passage to the south, a passage to the west, and a wall of broken rock to the east. There is a large "Y2" on a rock in the room's center.

>plover

Plover Room
You're in a small chamber lit by an eerie green light. An extremely narrow tunnel exits to the west. A dark corridor leads northeast.

>ne

The Dark Room
You're in the dark-room. A corridor leading south is the only exit.

A massive stone tablet imbedded in the wall reads: "Congratulations on bringing light into the dark-room!"

There is a platinum pyramid here, 8 inches on a side!

>get pyramid
Taken!

[Your score has just gone up by seven points.]

>s

Plover Room

>plover

At "Y2"
You are in a large room, with a passage to the south, a passage to the west, and a wall of broken rock to the east. There is a large "Y2" on a rock in the room's center.

A hollow voice says, "Plugh."

>plugh

Inside Building
You are inside a building, a well house for a large spring.
The Persian rug is spread out on the floor here.

There is tasty food here.

You can also see a glistening pearl, an emerald the size of a plover's egg, a jeweled trident, a ming vase, a velvet pillow, a set of keys, some bars of silver, many rare coins, some precious jewelry, a large gold nugget and some diamonds here.

>drop pyramid
Safely deposited.

[Your score has just gone up by nine points.]

>get food
Taken.

>get keys
Taken.

>plugh

At "Y2"
You are in a large room, with a passage to the south, a passage to the west, and a wall of broken rock to the east. There is a large "Y2" on a rock in the room's center.

>s

Low N/S Passage

>d

Dirty Passage

>w

In Dusty Rock Room

>d

At Complex Junction

>w

Bedquilt

>w

In Swiss Cheese Room

>nw

Oriental Room

>w

Large Low Room
You are in a large low room. Crawls lead north, se, and sw.

>sw

Sloping Corridor
You are in a long winding corridor sloping out of sight in both directions.

>u

On SW Side of Chasm
You are on one side of a large, deep chasm. A heavy white mist rising up from below obscures all view of the far side. A southwest path leads away from the chasm into a winding corridor.
A rickety wooden bridge extends across the chasm, vanishing into the mist.

A sign posted on the bridge reads, "Stop! Pay troll!"
The troll is nowhere to be seen.

>ne
The troll steps out from beneath the bridge and blocks your way.

>give eggs to troll
The troll catches your treasure and scurries away out of sight.

[Your score has just gone down by five points.]

>ne

On NE Side of Chasm
You are on the far side of the chasm. A northeast path leads away from the chasm on this side.
A rickety wooden bridge extends across the chasm, vanishing into the mist.

A sign posted on the bridge reads, "Stop! Pay troll!"
The troll is nowhere to be seen.

>ne

In Corridor
You're in a long east/west corridor. A faint rumbling noise can be heard in the distance.

>e

At Fork in Path
The path forks here. The left fork leads northeast. A dull rumbling seems to get louder in that direction. The right fork leads southeast down a gentle slope. The main corridor enters from the west.

>ne

At Junction With Warm Walls
The walls are quite warm here. From the north can be heard a steady roar, so loud that the entire cave seems to be trembling. Another passage leads south, and a low crawl goes east.

>e

In Chamber of Boulders
You are in a small chamber filled with large boulders. The walls are very warm, causing the air in the room to be almost stifling from the heat. The only exit is a crawl heading west, through which is coming a low rumbling.

You can see a selection of rare spices here.

>get spices
Taken!

[Your score has just gone up by seven points.]

>w

At Junction With Warm Walls

>s

At Fork in Path

>se

In Limestone Passage
You are walking along a gently sloping north/south passage lined with oddly shaped limestone formations.

>s

In Front of Barren Room
You are standing at the entrance to a large, barren room. A sign posted above the entrance reads: "Caution! Bear in room!"

>e

In Barren Room
You are inside a barren room. The center of the room is completely empty except for some dust. Marks in the dust lead away toward the far end of the room. The only exit is the way you came in.
There is a ferocious cave bear eyeing you from the far end of the room!
The bear is held back by a solid gold chain.

>give food to bear
The bear eagerly wolfs down your food, after which he seems to calm down considerably and even becomes rather friendly.

>unlock chain with keys
You unlock the chain, and set the tame bear free.

>get chain
Taken!

[Your score has just gone up by seven points.]

>get bear
Ok, the bear's now following you around.

>w

In Front of Barren Room

The bear lumbers along behind you.

>u

In Limestone Passage

The bear lumbers along behind you.

>u

At Fork in Path

The bear lumbers along behind you.

>w

In Corridor

The bear lumbers along behind you.

>w

On NE Side of Chasm
A rickety wooden bridge extends across the chasm, vanishing into the mist.

A sign posted on the bridge reads, "Stop! Pay troll!"
The troll is nowhere to be seen.

The bear lumbers along behind you.

>sw
The troll steps out from beneath the bridge and blocks your way.

>drop bear
The bear lumbers toward the troll, who lets out a startled shriek and scurries away. The bear soon gives up the pursuit and wanders back.

>sw

On SW Side of Chasm
A rickety wooden bridge extends across the chasm, vanishing into the mist.

A sign posted on the bridge reads, "Stop! Pay troll!"
The troll is nowhere to be seen.

>sw

Sloping Corridor

>d

Large Low Room

>se

Oriental Room

>se

In Swiss Cheese Room

>fee
Ok.

>fie
Ok.

>foe
Ok.

>foo
Done!
>w

At East End of Twopit Room
There is a huge beanstalk growing out of the west pit up to the hole.

>w

At West End of Twopit Room
There is a huge beanstalk growing out of the west pit up to the hole.

>d

In West Pit
There is a gigantic beanstalk stretching all the way up to the hole.

>climb plant
You clamber up the plant and scurry through the hole at the top.

In Narrow Corridor
You are in a long, narrow corridor stretching out of sight to the west. At the eastern end is a hole through which you can see a profusion of leaves.

>w

Giant Room

You can see a nest of golden eggs here.

>get eggs
Taken!

[Your score has just gone up by five points.]

>s

In Narrow Corridor

>d

In West Pit
There is a gigantic beanstalk stretching all the way up to the hole.

>u

At West End of Twopit Room
There is a huge beanstalk growing out of the west pit up to the hole.

>e

At East End of Twopit Room
There is a huge beanstalk growing out of the west pit up to the hole.

>e

In Swiss Cheese Room

>ne

Bedquilt

A threatening little dwarf comes out of the shadows!

>e

At Complex Junction

The dwarf stalks after you...

The dwarf throws a nasty little knife at you, but misses!

>e

In Anteroom
You are in an anteroom leading to a large passage to the east. Small passages go west and up. The remnants of recent digging are evident.

A sign in midair here says "Cave under construction beyond this point. Proceed at own risk. [Witt Construction Company]"

There are a few recent issues of "Spelunker Today" magazine here.

The dwarf stalks after you...

The dwarf throws a nasty little knife at you, but misses!

>get magazines
Taken.

>e

At Witt's End
You are at Witt's End. Passages lead off in *all* directions.

The dwarf stalks after you...

The dwarf throws a nasty little knife at you, but misses!

>drop magazines
You really are at wit's end.

The dwarf throws a nasty little knife at you, but misses!

[Your score has just gone up by one point.]

>w

In Anteroom
You are in an anteroom leading to a large passage to the east. Small passages go west and up. The remnants of recent digging are evident.

A sign in midair here says "Cave under construction beyond this point. Proceed at own risk. [Witt Construction Company]"

The dwarf stalks after you...

The dwarf throws a nasty little knife at you, but misses!

>u

At Complex Junction

The dwarf stalks after you...

Tiring of this, the dwarf slips away.

>u

In Dusty Rock Room

>e

Dirty Passage

>u

Low N/S Passage

>n

At "Y2"

>plugh

Inside Building
You are inside a building, a well house for a large spring.
The Persian rug is spread out on the floor here.

You can also see a platinum pyramid, a glistening pearl, an emerald the size of a plover's egg, a jeweled trident, a ming vase, a velvet pillow, some bars of silver, many rare coins, some precious jewelry, a large gold nugget and some diamonds here.

>turn off lamp
You switch the brass lantern off.

>drop spices
Safely deposited.

[Your score has just gone up by nine points.]

>drop chain
Safely deposited.

[Your score has just gone up by nine points.]

>drop eggs
Safely deposited.

[Your score has just gone up by nine points.]

>turn on lamp
You switch the brass lantern on.

>plugh

At "Y2"
You are in a large room, with a passage to the south, a passage to the west, and a wall of broken rock to the east. There is a large "Y2" on a rock in the room's center.

A threatening little dwarf comes out of the shadows!

>e

Jumble of Rock
You are in a jumble of rock, with cracks everywhere.

The dwarf stalks after you...

Tiring of this, the dwarf slips away.

>u

In Hall of Mists

>w

On East Bank of Fissure

A crystal bridge now spans the fissure.

>w

West Side of Fissure

A crystal bridge now spans the fissure.

>w

At West End of Hall of Mists
You are at the west end of the hall of mists. A low wide crawl continues west and another goes north. To the south is a little passage 6 feet off the floor.

>s

Maze
You are in a maze of twisty little passages, all alike.

>e

Maze
You are in a maze of twisty little passages, all alike.

>s

Maze
You are in a maze of twisty little passages, all alike.

>n
You've found the pirate's treasure chest!

Dead End
This is the pirate's dead end.

The pirate's treasure chest is here!

>get chest
Taken!

A sepulchral voice reverberating through the cave says, "Cave closing soon. All adventurers exit immediately through main office."

[Your score has just gone up by thirty-two points.]

>se

Maze
You are in a maze of twisty little passages, all alike.

>n

At Brink of Pit
You are on the brink of a thirty foot pit with a massive orange column down one wall. You could climb down here but you could not get back up. The maze continues at this level.

>d

Orange River Chamber

>e

Sloping E/W Canyon

>e

In Debris Room

>xyzzy

Inside Building
You are inside a building, a well house for a large spring.
A solid golden chain lies in coils on the ground!
The Persian rug is spread out on the floor here.

You can also see a nest of golden eggs, a selection of rare spices, a platinum pyramid, a glistening pearl, an emerald the size of a plover's egg, a jeweled trident, a ming vase, a velvet pillow, some bars of silver, many rare coins, some precious jewelry, a large gold nugget and some diamonds here.

>turn off lamp
You switch the brass lantern off.

>drop chest
Safely deposited.

[Your score has just gone up by seven points.]

>score
You have so far scored 305 out of a possible 350, in 266 turns, earning you the rank of Master, second class.

>wait
Time passes.

>wait
Time passes.

>wait
Time passes.

>wait
Time passes.

>wait
Time passes.

>wait
Time passes.

>wait
Time passes.

>wait
Time passes.

>wait
Time passes.

>wait
Time passes.

>wait
Time passes.

>wait
Time passes.

>wait
Time passes.

>wait
Time passes.

>wait
Time passes.

>wait
Time passes.

>wait
Time passes.

>wait
Time passes.

The sepulchral voice intones, "The cave is now closed." As the echoes fade, there is a blinding flash of light (and a small puff of orange smoke). . .

As your eyes refocus, you look around...

NE End of Repository
You are at the northeast end of an immense room, even larger than the giant room. It appears to be a repository for the "Adventure" program. Massive torches far overhead bathe the room with smoky yellow light. Scattered about you can be seen a pile of bottles (all of them empty), a nursery of young beanstalks murmuring quietly, a bed of oysters, a bundle of black rods with rusty stars on their ends, and a collection of brass lanterns. Off to one side a great many dwarves are sleeping on the floor, snoring loudly. A sign nearby reads: "Do not disturb the dwarves!"

An immense mirror is hanging against one wall, and stretches to the other end of the room, where various other sundry objects can be glimpsed dimly in the distance.

There is a shiny brass lamp nearby.
There is an enormous oyster here with its shell tightly closed.

You can also see a black rod with a rusty star on the end and a small bottle (which is empty) here.

[Your score has just gone up by ten points.]

>wait
Time passes.

>wait
Time passes.

>wait
Time passes.

>wait
Time passes.

>wait
Time passes.

>wait
Time passes.

>wait
Time passes.

>wait
Time passes.

>sw

SW End of Repository
You are at the southwest end of the repository. To one side is a pit full of fierce green snakes. On the other side is a row of small wicker cages, each of which contains a little sulking bird. In one corner is a bundle of black rods with rusty marks on their ends. A large number of velvet pillows are scattered about on the floor. A vast mirror stretches off to the northeast. At your feet is a large steel grate, next to which is a sign which reads, "TREASURE VAULT. Keys in main office."

An immense mirror is hanging against one wall, and stretches to the other end of the room, where various other sundry objects can be glimpsed dimly in the distance.

A cheerful little bird is sitting here singing.

The grate is closed.

A three foot black rod with a rusty mark on one end lies nearby.

You can also see a velvet pillow here.

>get rod
Taken.

>ne

NE End of Repository

An immense mirror is hanging against one wall, and stretches to the other end of the room, where various other sundry objects can be glimpsed dimly in the distance.

There is a shiny brass lamp nearby.
There is an enormous oyster here with its shell tightly closed.

You can also see a black rod with a rusty star on the end and a small bottle (which is empty) here.

>drop rod
(the black rod with a rusty mark on the end)
Dropped.

>sw

SW End of Repository

An immense mirror is hanging against one wall, and stretches to the other end of the room, where various other sundry objects can be glimpsed dimly in the distance.

A cheerful little bird is sitting here singing.

The grate is closed.

You can also see a velvet pillow here.

>blast
There is a loud explosion, and a twenty-foot hole appears in the far wall, burying the dwarves in the rubble. You march through the hole and find yourself in the main office, where a cheering band of friendly elves carry the conquering adventurer off into the sunset.


    *** You have won ***


In that game you scored 350 out of a possible 350, in 297 turns, earning you the rank of Grandmaster Adventurer!

Would you like to RESTART, RESTORE a saved game, see some suggestions for AMUSING things to do or QUIT?
> quit
